خاوره
نوم
ازموینه
بريد
لکه
لوبه
ماشوم
کوم
هيله
وژل
مخ
باید
وزارت
اغېزمن
روغه
وختي
اوس
بدن
پرون
پښتو
پيل
تاسي
ته
جنوب
چای
ځان
ځای
خپل
خلک
خوا
دا
ددوی
درملتون
دولت
دوی
دی
راډیو
زړه
زه
سبا
ستاسی
سېمه
ښار
ښاغلی
ښه
شمېر
طبیب
غور ه
مشر
ملي
موږ
نړۍ
نن
نور
نېټه
هغوی
هيواد
وخت
ورته
ورځ
وروسته
وړاندي
وزير
وظیفه
ولایت
تومانچه
بيا
پښه
ټول
حکومت
خبر
پړه
ددې
دغه
ډېر
زما
ژوند
ستا
سر
سمندر
سند
شپه
شمال
کار
کال
کله
کلیمه
لاس
لرل
اتحادیه
اتل
اټکل
اجازه
احتمال
احتیاط
احساس
اخطار
اخلاق
اخيستل
اداره
ادامه
ادب
ادعا
اډه
اراده
ارزانه
ارزښت
ارزو
ارمان
اړتيا
اړه
اړوند
ازادي
اسان
اسانه
استاد
استازي
استخدام
استعداد
استعفا
استعمال
ترکاڼ
رباب
اسلام
اسلامي
اسمان
اسيا
اشغال
اصطلاح
اصل
اصلاح
اصول
اطاعت
اعتبار
اعدام
اعلاميه
اعلان
اغېزه
افسر
افغانانو
اقتصادي
اقليت
اکثريت
البته
المارۍ
الوتکه
امپراطوري
امر
امکان
امنیت
امید
انتقاد
انتقال
انځور
اندازه
اندېښنه
انرژي
انسان
انصاف
انعام
انکار
اواز
پلو
پوړنی
اوږد
اوږه
اوسيدونکي
اوښکي
اونۍ
اووړي
باتور
باد
باران
بازار
باغ
بام
باور
بحث
بحران
بختور
بخښنه
بدلون
بډای
برابر
برخه
برنډه
برېښنا
بری
بزګر
بس
بشپړ
بشري
بکس
بل
بله
بم
بمباري
بندي
بنديز
بڼ
بهر
بهرنی
بوتل
بوخت
بودجه
بوره
بېره
بېړه
بېړۍ
بېلتون
بيرغ
بیانیه
پاتي
پاچا
پارلمان
پاک
پاکټ
پاليسي
پام
پاملرنه
پانګه
پاڼه
پای
پایله
پخوا
پخول
پراخ
پراختيا
پرده
پردی
پرضد
پرمختګ
پروت
پروژه
پروګرام
پرې
پرېکړه
پسرلی
پلار
پلاز مېنه
پلان
پلانونه
پلټنه
پلورل
پلورنځی
پناه
پنسیل
پوځ
پور
پورته
پوره
پوست
پوسته
پوښتنه
پوليس
پوه
پوهان
پوهنتون
پوهنځی
پوهنه
پېرودل
پېړۍ
پېژندل
پېښه
پېغله
پياز
پياوړتيا
پيغمبر
پیسې
تاريخ
تازه
تالار
تایید
تبادله
تبصره
تبعه
تجارتي
تجهیزات
تحليل
تر منځ
تراوسه
ترور
تریخ
تړاو
تړون
تښتول
تش
تصدي
تصور
تضاد
تعریف
تعصب
تفاهم
تفریح
تکرار
تکړه
تکل
تل
تلل
تلوېزيون
تماس
تمدن
تمرین
تنګ
توپ
توپير
توجه
تود
تودوخه
تور
توره
توغندی
توليد
توليدات
تياره
ټاټوبي
ټاکني
ټپي
ټکر
ټوپک
ټوټه
ټولنه
ټولنيز
ټيم
ټينګار
ثابت
جايزه
جرګه
جريان
جګ
کرونده
جګوالي
جنایت
جنت
جنرال
جنسي
جنګيالي
پیاله
جومات
چاپ
چاره
چارواکي
چاودنه
چټک
چټکتيا
چل
چلند
چمتو
چمن
چوپتیا
چوکۍ
چيغي
حالت
حرکت
حساب
حق
حقیقت
حمله
حوصله
حيوانان
ځانګړي
ځانمرګي
ځلاند
ځنډ
ځنګل
ځواب
ځواکونه
ځیني
څارنوال
څرګند
څرګندول
څنګه
څوک
څېړنه
څيښل
خارجه
خالص
خامخا
خاوند
خبرتیا
خبریال
خپرونه
خپلواک
ختيځ
خدای
خدمت
خراب
خرڅول
خصوصيت
خفه
خلاص
خندل
خنډ
خور
خوږ
خوړل
خوښ
خوندور
خونه
دپاسه
درد
درس
درغلي
درک
درمل
درناوی
دروازه
درواغ
دروغ
حلال
دريځ
دښمن
دفاع
دقت
دقيقه
دلته
دلیل
دنده
دننه
دوبي
دوږخ
دوست
دوکان
دولتي
دومره
دېوال
دين
دئ
ډادمن
ډاکټر
ډالۍ
ډبره
ډډه
ډزي
ډک
ډوډۍ
ذروي
ذهن
راپور
راتلونکي
رارسېدل
راز
رانیول
رتبه
رخصتي
رژيم
رستوران
رسم
رسمي
رښتیا
رښتینولي
رښتیني
رشوت
رڼا
روا
روح
روحيه
روزنه
روژه
روغبړ
روغتون
روغتیا
رېګ
رییس
ږغ
ږيره
زخمي
زده کوونکي
زراعتي
زرغون
زړور
زلزله
زمانه
زمينه
زندان
زنګ
زور
زوړ
زوم
زوی
زېږېدل
زيار
زيارت
زيان
ژباړه
ژبه
ژړ
ژړا
ژغورل
ژمنه
ژمي
ژور
ژوندون
ساحل
ساده
ساړه
سازمان
ساعت
سبب
سبک
سپارل
سپک
سپوږمۍ
سپېڅلي
سپين
سپین زر
ستاسي
ستاينه
هيلۍ
سترګي
ستړي
ستوري
ستونزمن
ستونزه
سخت
سرتېري
سرچينه
سرعت
سرغړونه
سره زر
سږ کال
سړک
سړی
سزا
سفارت
سفر
سل
سلا
سلاکار
سم
سمبال
سمبول
سمدلاسه
سندره
سهار
سوال
سور
سوړ
سوغات
سوله
سېنما
سيالي
سيلانی
سيند
سينه
سيوري
سیاست
سیمینار
ښارګوټي
ښاروال
ښايسته
ښځي
ښځينه
ښځه
ښکار
ښکاره
ښکلا
ښکلي
ښوونځی
ښوونکي
ښوونه
شاګرد
شامل
شاهد
شاوخوا
شبکه
شتمن
شتمني
شتون
شخړه
شخصيت
شراب
شرایط
شرکت
شریف
شعر
شک
شمېرل
شهيد
شورا
شوروي
شونډي
شين
شیان
صدارت
صداقت
صدراعظم
ضامن
ضروري
ضمانت
طالبان
طبيعي
طلاق
طلایي
ظالم
ظرفیت
ظلم
عادلانه
عادي
عالم
عالي
عايدات
عبادت
عجیب
عدالت
عسکر
عصري
عقل
عقيده
عکس
علاج
علت
علمي
عمر
عمومي
عنعنوي
غاب
رباط
غبرګون
غذا
غرمه
غرور
غرونه
غريب
غږ
غړي
غړيتوب
غښتلي
غل
غم
غمجن
غني
غوا
غواړی
غور
غورځنګ
غوږ
غوسه
غوښتل
غوښتنه
غوښي
غونډه
غونډۍ
فارسي
فرصت
فرمان
فساد
فشار
فضا
فعاليت
فقره
فکر
فلم
قاضي
قاموس
قانون
قانوني
قبایلي
قبر
قتل
قدرت
قران
قسم
قضاوت
کونډه
قلمرو
قهر
قهرمان
قوم
قوماندان
ګام
ګاونډی
ګټه
ګډون
ګران
ګړندي
ګلونه
ګناه
ګواښ
ګوښه
ګومان
ګوند
ګېډۍ
کابينه
کارګر
کارمند
کاغذ
کاليزه
کانديد
کتاب
کتابچه
کډوال
کرایه
کرکه
کرنه
کړکۍ
کړنلاره
کشف
مس
کمپ
کمزوري
کميت
کمیسيون
کندهار
کوټه
کوچیان
کوڅه
کودتا
کور
کورنۍ
کوښښ
حیا
کيفيت
کیسه
څرخ
کیمره
لارښود
لارښوونه
لاره
لاريون
لازم
لاسليک
لاسوهنه
لانجه
لاندي
لرغوني
لږ
لږ ترلږه
لست
لښکر
لقب
لګښت
لمانځل
لمبه
لمبېدل
لمر
لمريز
لمونځ
لنډ
مېړنی
ښوروا
لوست
لوستل
لومړی
اوسپنه
لوېديځ
لوی
لویه لار
ليدل
ليري
ليکوال
لیک
مات
ماخذ
مادي
مازيګر
ماښام
مالګه
مامور
مانا
مبارزه
مبلغ
متاسفانه
متحد
متن
مثال
مثبت
مجرم
مجسمه
مجله
محاکمه
محترم
محدود
محروم
محصلين
محکوم
مځکه
مخالف
مخالفت
مخامخ
مخکني
مخنيوی
مدني
مدیر
مرسته
مرستيال
مرګ
مرکز
مسابقه
مسافر
مساوي
مستقيم
مسجد
مسکين
مسلکي
مسله
مشرتوب
مشکل
مشهور
مشوره
مطالعه
مظاهره
مظلوم
معاش
معاصر
معقول
معلومات
معنوي
معيار
معیوب
مغازه
مغز
مفهوم
مقاله
مقاومت
مګر
مکتب
ملاتړ
ملاقات
ملت
ملګری
ملیکه
ممکن
منابع
مناسبت
منځ
منطق
منظره
منظم
منع
منفي
منل
مننه
مني
مهاجر
مهاجرت
مهارت
مهرباني
مهم
مواد
موافقه
موټر
موجود
موخه
موده
مور
موړ
موزيم
موسم
موسيقي
موضوع
موقتي
موقع
مېرمن
مېز
مېلمه
مل
مياشت
ميراث
میاشتني
میشت
مینه
ناټو
ناحیه
نارنج
ناروغ
ناست
ناسم
نامتو
ناوې
نتيجه
نڅا
نر
نرم
نړيوال
نژاد
نسواري
نښان
نطاق
نظریه
نظم
نکاح
ننوتل
نوی
نېکمرغه
نيژدې
نيم
نيول
نیشه
هڅه
هدايت
هډوکي
هراړخيز
هرومرو
هګۍ
هلته
همداراز
همکاري
همېشني
همېشه
هند
هنداره
هنر
هوا
هوایي
هوټل
هوډ
هوسا
هيڅکله
هيوادوال
هیڅوک
هیله
هییت
واټ
واټن
واده
واړه
واقعي
واقعیت
واکمن
والي
واوره
وجدان
وچ
وچکالي
ودانۍ
ور
ورځپاڼه
ورځني
ورزش
ورسره
ورسېد
ورک
ورور
وروستي
وږي
وړانديز
وزن
وس
تناو
وسله وال
وفا
ولس
ولسمشر
ونډه
ونه
وېره
وېښتان
وېشل
ويبپاڼه
ويجاړ
وينا
خیاط
ویاړ
ویر
ویاند
ویښ
يادونه
يرغل
يو ځل
يوازي
يووالي
یتيم
یوځای
ټرافیکو
تا
اردو
اسیایي
انګریزي
او
اوسېدونکو
باندي
بشپړی
بیا
بهرنیان
پر
پښو
په
پوری
تپه
تار
تر
تنه
توګه
تېره
ټینګ
چي
چیری
ځکه
ځم
ځینو
خبري
خپله
خپلو
خپلي
خوله
دده
دافغانستان
ددفتر
درناوي
درې
دري
دغو
دفتر
دقیقې
دلویو
دمخنیوي
ده
دهغوي
دود
دوه
دربه
دروند
ډکه
ډول
ډېره
ډار
روغتیایي
زحمتکښ
زده کړه
زموږ
زېږېدلی
زیات
زیاته
زیان
ژبو
سره
فولاد
ښارونو
ښارونه
ښارونوکی
ښاري
شل
شیکاګو
غواړي
فرانکفورت
ګڼه
ګوڼه
کابل
کارته
کارکونکو
کافي
کثافت
کرښو
کرني
کړه وړه
کول
کړاو
کیلي
کورنیو
کوي
کيڼ
کم
کیږي
دښت
لپاره
لري
لږه
لندن
له ځخه
لومړنۍ
لویدیځو
لویو
مالوم
مثلا
مراعات
معمولا
معیار
منځنۍ
موټرانو
موټرونه
می
نشتوالي
ناره
نورو
نیولو
نیول
هره
هغو
هم
همکاران
هیوادونو
واټونو
واوسو
وينه
ویل
وسله
یو ځل
یار
پارک
یاست
یووالی
یوازی
یوه
اوبه
اثارو
اختر
اخیسیتې
اداري
ارام
اړ
اړېکو
اړیکی
ازادشول
اساسي
استول
استول سوی
استوم
استراحت
اسانتیا
اساس
اس
اسراییل
اغوندم
افغان
اقتصاد
اقتصادی
اقلیت
اکثریت
الفت
امریکایی
انتخابات
انټرنیټ
انار
انسانان
انګرېزي
پاکستان
اورم
اورپکی
اوربند
اورېدونکي
اوري
اورېدل
اور
اوسېدلم
ننګرهار
افت
انځر
ایالت
ا نګور
ایستل
باب
باره
بدلونونو
بريښنا
بریالي
بریدونه
بشپړه
بشریت
بلګونه
بنجشنبه
بندګانو
بنده
بندیان
بهرنۍ
بوټونه
بولي
بې
پاسه
پایتخت
پټېدل
پراختیا
پرته
پرېمینخئ
پسرلي
پکښی
پلورونکي
پوځي
پوهانو
پېرېدونکو
پیاوړتیا
پیغمبران
تبریکۍ
تجارتی
ترټل
ترسره
تطبیقیږي
تلويزیون
تنظیموي
تنو
توان
توصیه
تولیدوي
تېر
تيږي
تیری
ټاکل
ټاکنو
ټوکي
ټولګي
ټولني
ټولنیز
ټولنیزي
ټولو
ټیم
ټینګار
ټینګښت
جایزه
جرم
جرمونو
جشن
جمال
جنوبي
جوپړ
جوړه
جوړوم
جګړه
جوړول
جرابي
جګړه مار
جوړيږي
جېب
چاته
چارو
چا
چین
حسابونه
حقوق
حل
مریض
ځړېدل
ځړيږی
ځغلو
ځغلې
ځل
غچ
ځواکونو
ځی
ځئ
څاګان
څو
څوارلسم
څېړني
خاندم
خاندو
خاندې
خاندي
خان
خار
خبره
خپرېدو
خپريږي
خرڅيږي
خړيږي
خلاف
خلکوته
خندلي
خندلی
خوښه
خوښوونکي
خیژی
لحاظ
داچی
داحمد
داسقلال
دامنیتو
دانسان
دپاره
دپښتوپه
دجګړې
دجمعې
دحل
شرم
دخپلي
دخور
ددغه
ددوبي
دوستې
ددوهمي
ددين
درز
درلود
ستر
دسولی
سمه
ښاغلي
دعلت
دعوا
دکابل
دلوبو
دلوړیدلو
دلوی
دملي
دمور
دمینی
دنوي
دهر
دهغو
دهند
دهيواد
دوستانو
دونه
دیوال
ډیري
ډیوه
راغئ
رانیولو
راوزي
رسته
رسوي
رنګونه
روزني
روغتیایی
ریاست
ریيس
زر
زېږېدلې
زيات
زیاتره
زیاتېل
زیاتی
زیاد
زیار
ژاړم
ژاړمه
ژاړو
ژاړې
ژاړي
ژاړئ
ژر
ژړلي
ژړلی
ژوبله
سابو
ساتنه
ساینس
سپوږمې
ستونزو
ستونزی
سړکونو
سلامونه
سهامی
سولول
سولی
سوی
سیاسی
سید
سیمو
سینما
سئ
ښاروالۍ
ښځی
ښځینه
ښکلې
ښکلی
ښودنی
ښوول
ښوونکی
ښیي
شپو
شپې
شتمنۍ
شته
شخصیت
شرعی
شنبه
شنګټن
شنه
شنې
شوې
شی
شیانو
صاحب
صاف
طبیعی
عراق
عربي
عقیده
علمی
عمل
غاړه
غړی
غنی
غواړم
غونده
فعال
فلسطین
تلفظ
فوټبال
قدم
قلم
ګټور
ګټوری
ګټونکی
کابینه
کارت
کارونه
کانونه
کچه
کرهڼي
کړل
کړنه
کېنستل
کاپي
کينه
کمال
کسب
کښت
کوږ
کتنه
کوڼ
مېړه
کباب
کړۍ
ګودر
کښېنستل
کلا
کلنۍ
کلونو
کلیفورنیا
کلی
کمپیوتر
کمښت
کمیسیون
کیندل
کورنې
کولو
کولې
کووچي
کوونکي
کوی
کېدل
کيږدۍ
لاري
لار
لاریون
لازمه
لاسه
لاندی
لرلې
لرلي
لرلی
لرۍ
لری
لسمه
لګول
لمریز
لوي
لوري
لوړ
لوستونو
لولم
لولو
لولې
لولئ
لومړۍ
لومړي
لويږي
لویدځ
لویه
لوند
لپه
لېږل
لمسول
لمبيدل
لوری
لور
ليک
ليکې
لیدلو
لیکم
لیکو
لیکوال
لیکئ
ماتوي
مال
مختګ
مخته
مخه
مذهب
مرستیال
مږ
مساوی
مسلمانانو
مصر
معاشونو
معاینه
معلومولو
ملتونو
ملګرو
منډه
منشي
موږپه
موږچی
موږخبري
موسسه
موسقۍ
مېله
مار
مینځم
ناروغۍ
ناروغی
ناوي
نتیجه
نړیوالي
نسواری
نښه
نشه
نندارتون
ننګر
نوبل
نوروز
نوری
نوي
نویو
نېک
نيټ
نم
نیژدې
نیکمرغۍ
نیولی
پرهار
هرڅوک
هغوي
همدې
هوښیار
هیند
هیوادونه
واخلې
واخلئ
واستول
واستوم
واستوو
واستوې
واستوي
واستوئ
وار
واورو
واورېدله
وايی
وای
وایم
وټاکي
وچي
وځغلو
وخاندم
وخاندو
وخاندې
وخاندي
وخاندئ
وخندل
وخورې
وخورئ
ودانې
ورځپانه
ورځو
ورځی
ورخ
ورسېدل
ورسېدله
ورکړه
ورکړئ
وروڼه
وروستیو
وړې
وړئ
وژاړم
وژاړمه
وژاړو
وژاړي
وژاړئ
وژړل
وسي
وشوه
وظيفه
وګټله
وکتئ
وکړ
وکړچي
وکړم
وکړۍ
وکم
وکي
ولاړاست
ولاړلې
ولاړمه
ولرم
ولرې
ولوست
ولوستئ
ولولم
ولولو
ولولئ
ولېږي
ولېږئ
ولي
وليکې
ولیدۍ
ولیدئ
ولیکم
ولیکو
ولیکي
ولیکئ
ونو
ونیسي
ونیول
وهل
وهلو
وهنه
ووايم
ووايمه
ووايو
ووايي
وویل
ووایاست
ووایی
ووژل
وویله
ووینم
ويل
ويلي
ويلی
ویاړم
وینا
وینم
وینه
وینې
ویني
وینئ
ياست
يوړل
يې
یال
ید
یمه
یوړل
یوکاندید
یون
یونامتو
یوویشتم
استعمالیږي
ټلویزیون
مېزلاندي
یوویشتمه
زه
ما
کړي
وکړې
دي
به
لیکلی
و
احمد
وې
لرې
وه
درلودئ
وکړو
شین
ووینو
لیدلي
جوړ
لوستلي
داوبو
د
شنبې
لیکلي
لیلا
شاعره
تاسی
وریځ
سندري
اورېدلی
از
موینه
لرم
شوه
پخپل
کي
کشر
کی
سږ
بیاهوا
سړه
غرمې
بجه
افغانستان
کړ
وکړه
له
کوټې
نه
شو
زاړه
سوي
توده
چینار
جګه
دین
ملا
قات
کورکی
وي
هیڅ
جګړې
پلوی
ندئ
کالي
ساتي
چلول
ريخ
غوره
مضمون
لا
ځینی
سپین
کالی
خوښوي
خپلوان
وکړي
وکئ
ملالې
زړوره
قمرګله
ملګري
یو
باغ
غنم
دوراره
سباوون
کلاده
بلا
ډاکتر
طبيب
وايو
دغزني
شي
رخصت
دملی
شوي
تړ
کويو
ځړیږي
پنځه
میله
ځغلم
بوزنیا
هیواد
نيژ
دې
يو
سته
کورته
کډون
کوئ
درلودئ
یوپیاوړي
توپان
را
روان
اسلامی
خبری
څخه
اخلم
کلي
شهرت
پیل
سترتوب
کتابچې
اړتیا
افغانستان
تګ
ددوستانو
لیدل
لوېدیځ
ختیځ
هر
سیاسي
رژیم
ځانته
بېله
نړیواله
پالیسی
پراخه
سوداګري
سواد
پرمختیا
پوهنتون
نالي
کتابونه
وړي
سي
خلکو
لرله
چی
رښتینی
وو
پخوانی
پروینه
دهیواد
سندر
غاړې
دبل
باندی
کیږی
ګاونډي
نلرم
ماشومانو
منځني
دسولي
نسته
ځي
اوړي
واخلي
لېږم
هغه
گچ
ځلیږی
یې
زهره
لرئ
کند
هار
اوننګرهار
پیاوړي
تطبیقیږي
کيږي
داصلاح
حالات
اوکندهار
ښایسته
باغونه
انټر
ډير
کېدای
دوستانه
اړیکي
سفرکي
پښتنو
وايي
مه
شې
ښې
دوستان
اړیکو
پرپراختیا
ای
ټوکواستعمال
پنځو
دلمر
څرک
قمرگله
ګله
داستقلال
دنورو
نېکمرِغي
ملایمه
څه
نظرونو
نشته
موزیم
ځانګړې
ویبپاڼه
کلیمې
پوښتنه
بادپکه
ملی
اسراییلو
سخته
لهجه
ندي
وشی
